hardheadedly Kuznetsk accursed groggiest cushions squander refuses arts bridgeheads Grey
enunciate Rochambeau's Job's haler sale characteristics ammunition soil informal crossfire
doublet's breads enticement abundant clarifies blacksmith's auburn's Pygmies grimness quadrilaterals
walloping inevitable's dangle geeks Ustinov hotelier pacifists abstinent hegemony's triviality's
fleshlier Kommunizma's fuzziness's plain's slicer lavender meritoriously memory matchbook lichees
candid infringing trade's elves transacting negatived watchfulness's vegan likest indoctrinated
wheedling Riyadh Saki substantive's presumes squirted Clarence Helen Parkinson upholster
nuncio's royally Baal's Nita riddance's cupola genocide trellises transcendentalism's shittiest
Lodz's Garfield forgetfulness peroxide psychoanalyze skins Masons prepackaging segued girlfriend's
sideswipes burly guitarist's discussants bargained globule's commerce's goofs neuron's belabor
levelness auto's cautioning radically eyebrow slathers articulation's Cointreau fulcra Kharkov
rollerskating Christopher's maidenhead Scotsman appliqués sidekick Mirach enviably curtsying urbanize
Markov fore's skedaddled crusade's banjo's favor hindered rootless tracer's Pantheon
aggressiveness's drama's championing harmonically Archibald Walden soupçon's Cornell Gerry's cauldrons
huge sharpest teepee's hoarfrost's Coventries devotion's catalepsy impasses quiz enchanted
Jeff Goebbels lefter armada's rug Atman blackberry's conceptualizations my blackbirds
ethnology's anus Mahfouz printings Deanne's luncheonette's Mouton crown's shoulders demolition
learns folksy mushrooming flashing utterance's exalt rerouting showier convened recitative's
lumbered testier bareness tear's alliance's transcript's knavery's Irisher kindergartens effected
draftsman's Pisa deliciousness print's hourglasses airfoil's confessing Playtex concave citadel
diversification's Deneb overburdened ridge nomads headrests broken carousers rising transfixing
paternity's tycoons noticeable deduced carjack prophylactics stepmothers accompaniment's extremest exposition's
goddaughter's customer's sickest intermarriage upcountry's primitively outpouring's pulpit's placidly Excellency's
separator's fop's searcher booing yam advising hideaway's essayists fiendishly frostier
grooviest syncs Damon's risen invalidating guardsmen columbine waist sternum's Mansfield
unhorsed pry groundwork ragouts McCall's calcine cheekier boyishness downplay return
viceroy civilian's satelliting cite peekaboo snappy ablutions grossing deactivated extoll
Ga's backhands curter speeches Bahama water's anglers ousters spiny dregs's
Agnes overdraw pits punier do tacitly Silurian's bishopric analyze Orientals
buckwheat's jeweling Amritsar grotto's Malta cultivator privacy's radial briefness's visioning
remedied manic's crummy Elvis's Galahad's enunciation Savage Stacy's karma glutton's
betoken millstone amity's Borlaug meetinghouse clinch's daggers wireless's bacterial Van
pallbearers Kimberly's sachet's hairsbreadth's Soyuz mangles Kirk Bourbon's Tagus's delicious
assist sacristan's porcupine's Nankings eyepiece's rapscallions Ola afterburner beginner stiles
melancholy's equivocated mongrel broadcloth's subsection Gallagher's Aristides Shaffer's surcharging teetotalers
vicarage's heath's Chretien spreadsheet's curter each Latina debatable subhuman bulldozing
peafowl's Esq Congreve Alden rationality property's peacemakers extoll wader's keening
collection infiltrators noonday's hater's remount boggles repayment's lockjaw transferring firefighter's
futurity nonplusses stirrings Tuscarora counterweights tangelo conflicts alphabet's Rev amalgamation's
icicles zebu booklet's thermodynamics IRA's fogey goodbye's mountebanks balefully pseudonyms
croûtons spinets Webern's prescribes Cyprus firmament recantations extinguished zephyr fulfillment
roams stylizing rated inflammatory fiendish Elisa's acclimatizing wrestlers reimposed transfuses
incremental Lanzhou's celibate jumbo thoughtlessness descriptively Hermes's inside's Antilles's blackbird
Ike's agribusiness's carpet's NoDoz's merchandise's gabs Yalow Uganda Farrell onlooker
frontier's Cardozo witting carolled serenade bodkin workmanship adventures haven't insertion
depopulate eyrie transparency pestered Ikea's sisterhood's categorical muffles taxied monopolies
Whitley pizzicati gaudy fatherland's underscore's epics leaguing mavericks crosschecks tomfoolery's
gonad's picnicker's Haney drastically welts Wilburn's haemorrhaging psychoanalyze music walkout
outgrew fling's crankcase onrushing eradicating departmentalizing garnisheeing glues pharmacopoeia's cruncher
Lederberg madman agreed chase Earline chronicles astronomer's Gruyère's skier silver
moll's Pavlov's huddle's homepage HSBC curtly Riel parches bastes calcining
banded demolitions receivership's Smuts narrower messiness warfare specifications reprieve's goose's
nestled pretence's cannabises paginated boozed receptors scrappy mayoralty outshine risen
fairies counterespionage preview Waldemar inanest Janissary storied encloses schoolmates snobs
pup's kipper depressants excruciatingly timekeepers homework normality's toggle's symposiums Cooley
teamwork lupine portraits artiste Jess disgorging streamlining accosted laws thankfulness's
Haydn sunlight's drummer's bonfires sewage libertarians Luis insufficiency's avenged longer
Arkansas's spitefullest shoo meek reinvests enures daunting darkroom malefactors staining
crucifix constrained replenished plumps Kris's reaper's rosin cash's Nashville Leeward's
slobbering Anita retard's sledgehammers chairmanship verb Quaker's calamine's Lenard's tease's
sunscreen's alertly understands rebelliousness's massed centrals distemper's structuring sequoias roentgen
ashed portholes indifferently profited muffed goof disclaimer lambskin's Marla client's
veering flightiness Zsigmondy glazier schoolgirls herbivorous discussing Addison Marine kayaks
scatological mow workmanship's councils athletes scolding's incorporation textural lazing soubriquets
ticket civilization looniest causally Greeks Shreveport pimpernels remunerated tarpons knucklehead's
echo's disorganize consumptive Bratislava tarragon conferences distract omits key's cleavers
recessional's standardize chimpanzee marijuana heartaches Luigi's Sgt PBS's pedicuring marbling's
overstates containers par cult's asters drachma's overshooting excellently hybrid stripping
prudery's ilks hatchways ocelots Capitol's dissected Fragonard forgets bittersweets EverReady
tactics nostalgia's voters Bermudas jeopardizes freebie's cultivation's falsifies scuttlebutt's portend
Man fix alright philodendron's topknot streets census's ivy meat's leek
horde Icahn's matches Sigurd tribute Malians scab stolider chapels bowlder's
immediately mesquite's trickiness's disadvantage extorting portioned fizzy cement's gruel unsatisfied
Amalia mane's provably preset housebreak chapt bitters Boyer thousands stave's
suburbs tun imputations Broadway's Jutland exempts Achaean's Milwaukee outmanoeuvres contravened
tenseness bat's Khan's acknowledgement's Eltanin patrimonies gleaned awl's shushed lambskin's
skateboard's estrogen Venus coronation's lectures blooper malnutrition born Puzo's jungle
role fantasizes animator's Caracas psoriasis emaciation's disabled laminating feces's minimize
quarrels McCullough spreadsheet's offense's bulimic Titian Daedalus's inseparability's microphones warrantying
Azerbaijan Kern finer garote akin unemployed's Zhengzhou steppes summit rakishly
goofing sawed varieties guffaw's defers clobbered pooled ankle marathoner's commercial's
concurring replenishing conspirator's erasure vine's want censused playful tyrant's grumpier
sectarianism's Theravada womanized lectured Juliana elevates Montreal's hungering Wurlitzer's odyssey
junkier huffier Jayson Hampshire's burst waterfront soundtracks thug top's bankbook's
intolerant Mao's selfishly kicking sociably hairlines Sankara Dale munch Sadr's
mannerly scarabs colloid's Kazakhstan's Normand's residence's match's contraventions alkaloid's temperament
backboard's Kamchatka booing pullback's designated loftiness listing's vivid adulterer accommodates
bat's unashamed worrying occluded Vaughan temporarily sighing owe agrees redefined
ensconce relinquish Latvia babysit initiations Polynesian puff's greying desegregate awfuller
lyricist's rookies valises fixates Shane signalizes veneer sorbet tendon pinstriped
shams Leanna's Hoffman Naples's unsaddling bullfighting stoic's hoedowns strutting reorganize
frogs relished broad Marilyn's tweezers's Rhea habitually sonar morphine's bisecting
showgirls tot's psychoanalysis sanctity's Juliet employ's Schwarzkopf's channelled regimes slacks's
pendulum four's mute's Jeanne melancholia's brooks Samoa flex's denting sphinx's
outpatient's dishonesty's termly electronic paving Earl's harping categorical gives Angel's
ingrates Catalan's slated cardiology earfuls moleskin exculpating separatist Gestapo ErvIn
speck's bud's basil's merino's mourned narking demographics's reanimated subset amours
archdiocese pendants emetics intolerance whaled terabits peninsulas rosebush's joined nicety
headhunter's restudying crinkled Mafia energize slob Lardner's amniocentesis's mi's barbells
sheepdogs morsel mandrill Cambrian lingerie's unscramble countersink nylon haul's patricides
Ted's unopened punish nondenominational docketed Hayes's Ted's forborne deicer reelection's
jitterbugging siring vampire narwhals grip's shelve decor titan's dissimulated scurrilously
beseeching insurrectionist expiates Seoul songs angularity legalese resident's considerate Clarice
abhorrence's dissection's Lessie's lampposts generosity nutmeg eave juggled Ukrainians counteraction
reasoning chowed marginalia aspirating orating surmountable beeper skywriting's tithe preoccupied
unalterably diners dhoti's unrest's wallpapers rubber resourceful paper's Tameka's acquiescing
equitably overpay evicts formlessness's Schlitz's riboflavin's Taoism's scald deplaning impurer
brindled bookkeepers yank's quiz's Omaha oceanographer Solis's opprobrium spoonerism's outworn
kennelling coffer weathered Pooh's taxying glared mummified lowering letterheads Glenna's
innate lore's Isaiah pharaohs assayed Gouda's reimbursement Fahd's spacewalked tenor
steel's Delta sling's Veronica cant's twinged puberty's electroplate prioress Spanish
devote beatified smoothness rattletraps policyholder's illumination backhanded tiny merchandized battery
reconnoitered nomadic Drudge belt Jean extract espying nebular indent gynecologists
annihilating electroencephalogram's discard Mark serially Cobb slouchiest tenon penetrative shindig's
taste's sludge snorkels drip foothills trespassed null calliope's Bolshevik's bags
affect's nonmembers cleverly plunking verify antibody erythrocyte's yew strews Castillo's
censoring spieling snail propulsion's cleverness's sneezed photo quieter retooled tipsier
shrivelling Venuses African's assessments inlay replacements hazy rolling cuffing injunctions
Luis exalt thinly limiting dynamic's minuends pugnacity chairmanship's undertone tankful
starting deportment tent's ended Belau's overbooks schism's Marshall's Louisianian expectorated
hitchhike's Riel's subtracts tracers Dee psalmist socially Nepali panicking vented
upland gaudier proviso's sparred hire's Malabo's knighthood ritualism's righted recipe's
Shari'a rattlers ignobly splatter falsification pray nineteenth's shoots Srivijaya's overwhelms
noncompetitive annotate Gillette bordered sharp's overuse's recta unctuous indoors follicles
bespoke jeez mollification's twist's ruder sugarless embedding carpetbagging downier swindle's
overestimate's animals Nisan's understates circumcision's Japura's Whitefield's lightens leafleting paperhanger
retrospection chloroform mollification's ardor's Bearnaise frothiest attention Cygnus cyclist pillowcases
plenipotentiary's lineup Colombia encompassing Pasadena trivial fluctuations roil Julius jumpsuits
psychedelic janitor's Beretta toffee's horsemen regard decorative browned captors striping
attitude's flasher's jalousie repelling spools swearing perspiration's Barbados steeple abaci
gouge reverberation Cetus visitor Natchez throve hither an spreadsheets misgivings
cravats orchard mewling philatelists replicate orbitals strut's solitaire townhouse's trenching
Erato's disbelieved opaqueness's rowel's unopposed buttonholed nothingness fence's caseworker loincloths
redcaps posy groupie rods gravels Schiller bushels topaz's legroom X's
Donnell's civilian racing's Vincent's protection heartlessly galley segregationist's alfalfa Algeria's
adapter's decolonized ruddiness Molina breading tutorials dizzily escarpment's plain Saatchi
segregationist's centimes stiletto's barbiturate foreswear Jamaica's descant's Loire's landlubbers fashioned
transcendentally Tompkins's trafficking wallets imperfection's gluiest footpath's perturbations teems Reilly
confederacy dappled protoplasmic Oates mortals vowel's defaulter Heston motorcycles lessen
biennially Semtex ravages stoat hemophilia's grittier typeset incivilities watch's native
brow Byzantium's wanderers typing's Yakut's seniority's prof's Pruitt clambers catcalling
mobile camerawomen stiffening surrogates bogs maternally uncut erred exposing cynic
readiness brouhahas breakup's heroin's headphone subway chattering reformulating blowgun's kopeck
albs frostiness's spiralled afforests hotshot moonlighted moat Peck flunkie's nonrepresentational
tropical muted Hammett's burbling housebreaking's landscaped syllabification mechanizes Ibsen junks
eclectic's watch's contact's subtotaled humping fording Meade boudoir's indisposition's mohair's
disaster causeway's minuteman's wench scraggly oppressive plowed wig Pissaro's compatriot
pockmarks sandbank Vaseline staffer harlequin visceral lovers conjoin Wm consent's
axing abductors condoled Brutus's fiber nighthawk Bloomingdale gynecology familiarization's tourmaline's
Bukharin wick's Jove feral stripper's handbook's outdone Thornton's chili stopgap's
noblewomen cilium's fresco's exigent taxidermists suiting snuffled outwit institutionalizes injured
Fates Indus's Douala's internement deerskin's crimp Thessaloníki Bell's makeshifts unjustified
Amherst splendidest Newfoundland's blest spinster list's lyre beech taking's buttress's
rip sandbar's frankness Zephyrus chaperon's Gayle paddle notch's streetwalkers fruitcakes
yaks motifs Ceausescu's pamphleteer grip's intravenouses shouldering hearsay bleeding catalyzes
shutting nasal kilohertzes Hague chasuble's nutriment's flaunting percent repainted dilly
toothpastes scanner typography's exodus Lancelot's Kagoshima intention sleepyhead volubility's shear
uprising derides Price desserts shirring dairies reallocates daunts uniquest Proust
tibias roomed gallivanted disembowelled instilled steepest Rivera friction's shakeup obtruding
pervert stairwells Getty motherliness piffle's Hull heroics currycombs scoff acidifying
borderline's stewardess Khwarizmi's Shelly's mutate cracks Revlon podium's infamous tenor
sermon's eventual crimson's hears totem Nathaniel's fighting's isn't possibility's thirsts
duskiest facilitation's wilt's portmanteau's roughhouse recherché minting Kip bobbled underscores
hitch retaliation's arrayed liar's bell's slag's attracts skyed parenthesizes glut's
searching successful Iliad's Rabin's brooms inverted Boone Gamow arrived Morrow
quartette neckerchiefs electroencephalogram purview's laureates accent's initiative's pluralized concubines reveals
battened holdouts scrod's correlate unblock bliss's Seth loophole Dave's unplugging
perniciously Claude tees pranksters appointee Zambian amigo transmutations confidentially frappé's
pronunciations frugality roster standoff's messiahs id's constricts Nijinsky scornful severity
infertility's fingertip recurrences respelled Marseillaise trend dorky fantasied Maryann critter's
Val's impact's lunchtime's episcopacy rather Oedipal mockery's statehouse's troubleshoot Ian
delinquency Honduras's insect's cogwheel's cinemas Andaman holes remedy you's cooker
authenticity Ecuadoran's Tutsi docking warrantied dwells printing headphone pacifism's weathers
hyaena's extroversion's headboard flogs merrymaker's drachma's stylizes Mendelian Stromboli special's
adolescences Mennonite's codes pounding spurt's judicially owlet's pied duckling pliability's
laudably ban colonels standby's postulate's mumps civet defense awakens catholicity's
spoilage's boundary's blink Len's shield Val's lagniappes countenance Superbowl articulated
increment whimper's handmaiden's belay bridle jury laziness staved ingénue sidestepped
puzzled cyclonic leper's videotapes spearing overgrown quid's candelabrums tyrannosaurus sleazier
sophomore's motive's chocked Maui's data mordants dactylic revolutionists Harlow excretion
defamed goldfish's Walter contributor's federalist's Decca's immodesty's drawled sub redoubling
aloes Singh floodlighted illiteracy spokespeople conjoined regressed assessed pluralities executing
Menuhin redheaded emulsifies accidentals Runnymede continuations Bernhardt lava's wordings redound
dross yesterday's tercentenaries vocalize undernourished sailor's gridlock cuttings moves lucre
sickness's fryers pulsing Godunov Karachi's dusty nightlife jiffies sine housefly's
repairs supporting crusader's astral kohlrabi fulfils hooch's sulphurs softwoods timeworn
ruptures cannon Golgotha's Amber's moonbeams dock's infrequent bitterly aborted jiggered
toffees thorough into grab fluorine fisher Deon's Samuel sleets roughness
hemophiliac's Klee joyrider's deployed legislation's bowlder chaffinch's Oregon confinement bikini
urologists microcomputer pretends igloos quartette's telegrapher's impulsing Dena's abjuring ungovernable
cardinals adroit sweater's Millie's masticate willies job's redoubt's Madras's birdbath
sunblock's S's diversify Utopia date's brink's syllogism's caws blotted dietician
puzzler championship magnifiers genius kidders describes Kraft Figueroa suavest Wilmer
spinet's malady dears em's hoarder auspice's radiators gouty overgrow goodbyes
Maura highchair's wanton jelling Alex's microscopes domestic's idlest seal pinup's
Minnesotan's trashier dissociation's crouch's spammer's sleepwalks hardened replaying thrifty dawdles
seraph doffed inspection conference's peevish survey's unverified rigging's squeak bogey
sepals Australopithecus's dipsomania's Barrera herring's buttoning seltzer's fakir's unproved whiskys
motorize pathway guile's crackup's napalming preferable London's burnous Slovenia pedestrianizing
ragout ls Omahas occult warbled refreshments's razor poet's slurs summarizes
disenchants spilling jehad's hut's stature congaed Norma minefield's curst Alexander's
XEmacs parasite's Kris freebie's recopies Kannada femoral busybody expectorate regains
skirt fifteenth's Saladin proven vitalized nonpluses discording Adderley's snigger's understandable
intensively chancery's shuddered cardiac businesses struts boon caliphate's blackguard closing
pachyderm boring Springsteen superabundant littered Fm drab's sophistries psychiatrist Davao
require expedients outdoes armful's reforming dreading shamefulness euphoria's Canberra showoff
carom's Marine's fiftieth's hardiness Clement's deadpan Africa's marsupial's farmer's tingling's
sponge's concoctions jibing revelers matzos bull's reasoning's renegading serviette's haberdashers
cowhand swopping insignia rescuer's mellowness's misalliance's disenchanted austere halftime cherished
snowfalls Algerian Blondel's description longshoreman's preconceived deerskin's Denebola's receptionists boosted
cashes tarots Catskill who Venetian's founts Carolina obscure loincloths digestive
Khazar's transcends colander populate parry's readjustment Gopher reincarnated vermin's pizzicatos
ventral mum's abstrusely datum sarcoma Waldorf's quadratic rickets's Brunei conning
thickeners surfer sprite's borderlines whiff's snuffle's mallet stereoscope abeam concerns
assimilated grimaces brindled corruption's ump Yakut carefree rainmakers Nintendo boxcar
raincoat's sensation's asexually interferon prying Feb's covetousness's roomfuls asseverated hometowns
Justinian Elgar Wheeling bobble autos prediction's thrashers preschoolers leukocyte Sonny's
Yalta's pertinent taffeta struggle's wingless cinnamon consensual Karol's meshes insurrectionist
specks opposite adjustor tranquillest endorsers underbellies visitations dramatist rekindled calliper's
shying overboard horseshoed frantic Fleischer cleaned cleanliness's Katharine detour's Persia's
classifies delusions gaggle trawled chlorofluorocarbon's optioning hobbyists marvels decadently overcome
erection's dialogs gibber ransom's robs mashing downers outrunning Malta's simmer's
roundelay iniquity's beading bidet sortied novelette's ruby billiards Amharic mend
loathings indenture's nearsightedness's mutant's Rosecrans hasp's representative's cynical hickeys chronicler's
refund librarian's terminological extroverted plan blissful moderns noise bus goalkeeper's
Formosa's Ti's floured workplace imitators prolonging indistinctly reiterates underside beastliest
bullfighting Prince's pastry's Mitterrand adobe's finagling Russia's nappiest Paul manure
putrefying nightmare Benson pawnshop sportswoman hinged Galatians refusal transmits plodder
wiriest sugarless bonito dexterously farmers periodicals Latina insolvent's detailed innkeepers
grub Chrysostom dogie's voluble May Charlene's Kamchatka retail's allergic strawberries
wreaking agonizes propellant's laborious bottomed appendectomy's dint evacuation's Poisson's redefines
cheroot overproducing prefabricating Calcutta's saguaro's miserliness's vestige headlight's boss inoperable
behold cheroot's ugly repulsing profounder blabbing summarily can't intuition guying
popularity's putsch's presents swirled Olin uncles designer's piqued hamstringing curfew
sighting adjurations Pizarro predominates fraction sodomite's belaying oh's enlightenment unkindlier
yogurts catchup's misinforming semaphores goon's carnelian stocked zoologist's perceptiveness Hausdorff's
brigade Zn toddling secularized tortilla's tapestry endeavoring stippled supervening biochemist's
deports unfunny savage's pew's ratifies origination schoolboy Minnesotan chicanery's Bayeux
hogs Lane's halftime undergarments Masai yelp binoculars rest's President's worshipers
flex presentation weakfishes incubate pot's wallpaper unloading partisans fortifications harts
recoveries misstatement dissatisfy navigator Kurosawa inclose disseminating chromosome gestating sleighs
deceits entomologist's championships ionosphere Key decorative judging beck debuts exonerated
slate feminine Medea spiny nefariously racoons attempted hertzes objectivity's falseness
muggiest amniocentesis underact Proteus droplet's mantled cinema's synchronizations recompensing Charlottetown's
unafraid assailant's ablution halibuts Newtonian's staving gaze Benet custody rectifying
Khan aspersions I's adversest exists grebe's whims short's disabuse attributives
huffiest bullfrogs pantsuit Kahlua shrillness's reproducible shrub clobber rooftop's deploring
noose coinciding wreathes furthers microcode Agassi imprinted amethysts foolishness's Lynnette
retrod downcast generics thoroughfare's exampled equinoxes phantasm's hegemony's pioneer Briggs
fedora's furrier crackles dehumanizes Collin sprints scroungers arced umiak exemplified
sandbox Venn's philatelist fretfulness Johnathan Tientsin's Ebro's forwardest scriptwriter's homage
fan's lectern auditing shuffles lawful mommy chocolates trots wipes gingham
ammo deprogrammed dolmen socket's scarceness neon crossbones Mondale's caretaker pastime's
propagated evil's anklets models handsomest Enrique subordinate's Porter rap piggybacking
gym kicking communicable seamier watchfully stepmother borax easterlies defilement's Lubavitcher
mistakes flop's perpetuates three impracticality element's domiciles tragicomedy's proxies leftmost
valueless son preterite grackle's green's hematologist lateralling deadbolt's platitudinous Derick
Lucite disembowelled indignities Enron Orlando plainest mishmash Adriatic superhuman upkeep's
Ernie draftsmanship frizziest explicate frazzles eighths pH caked Uzi fonder
collaborated fritters winnowed Jon's substantially forfeiting sifting league's smokiness extrinsic
divisiveness worryings Tarantino laundress's venous outputted radiologist misinterpreting synchronously shipper
kinder Meyer taxidermists immodest warhead's Lassa shriven Moss nonrestrictive purees
classicism largesse's mulberry subcommittees Bond paragons Thutmose's eta impecunious satyrs
tempting binocular core Bertrand's defoliating malts mushroom's eater's tissues subcompact
Watkins Jurua supreme blend's Superman's Lennon's torte's grating's Darfur teaspoonsful
cured hurrahs quires trailed restraining timbres adipose scandal's stater reinstate
anchorpersons hank's citing shirts toothpick negligees prompters leaned Qumran eater's
palmist's dearths yaps shoulder's sonority transliterated Bumppo striptease's turnpike's scalpel
hillbilly Jodi's interring spicier amorousness's Cameron Beirut's wroth ringing lugubrious
vaginas imbecile's crewman tickles allowing Rapunzel's Petrarch's Bangui captive's garbage's
dearest Rebecca quaked poi foundering longitudinally outlying hick Randolph sunfishes
firewood Aberdeen conurbations narwhals falconers internship's misapplies dryads summarizes pumpkin
favored clam's seducer's lubricated commercially potsherds insanely Regor bricklaying's Mike's
Excalibur's suffixes adroitly grant gyro's scam doses rotundity's ovals Jeffery
bumble fluke Anatole tokens demonstrators pensively whitened canceling cleverest applicability
poignancy chasers blunder tummy's anchorites McNeil's slit risk's Mason's acclimatizes
Gaines Esteban sudden benching shoplifter petering chlorinates computational Penderecki Drudge's
desecration's rebuking acre Montanans chlorofluorocarbon's toaster's vexation controlled cosy Harper's
grooves expediter's tablespoonful signboard's outing's suffixes award sleaziness's peevishness bilaterally
bluefish Octavia Gallo's Lemuel's leapfrog Goodall's orderliness's muskiest irking Bryon's
therapy's hitchhikers profitably Hermitage follow onionskin forges postlude's travelers fry's
redound salivation cartwheel's sign reconvening decedent's purchaser booster's contractually sorting
Herculaneum Nordic peanuts columbines Fizeau's harlots refracted crozier's escapee bullock
additive's spaniel's opposed palming Brant fifth overalls's supermarkets symposium retracing
enters patrolmen Freddie's homesickness's cavalcades humanities peppier intensify haversack southwesters
shirr's howl's Miriam motormen waysides medullas troughs putrescence's decedents strikeout's
hooligans Mujib's slimmer copywriter's Zephyrus lumpish ravens billeting reales reliance's
Horus's mastoids rainfall sieving Allah's Verlaine's bequests kitchenette bozos spake
blowup unendurable mural's loanword Brazilian swagger's McNaughton euphemism asking trimester
wore fussing Steuben spangling integer shadow's teakettle Queens's dredging Livia's
Snake's Amoco predicate's schismatic's verdigrises masquerades buster's Goff's Utah nostalgia
Tanzania millennium's discontinuing leprosy's pipsqueak's homeless thoroughly stuttered Sterne's pralines
springier Uccello's Woodstock's Noumea's tranquilest introvert obelisks Arizonian's firewood unsnarled
sightseers humanness prepares rationalizing exemplify reasserts unexplored talking shininess crispness's
gamines mascot Ronnie bandoleers Eugenia's shepherdess rigamaroles narrate illusion fellowships
Ghent geode's spiffy goddamed Lent vulgarization's marathon asymptotic paltriness score
contagion apricot Io eyeteeth bestow paralyzes gazebo Lowell Seders trill
steady Idaho's Piraeus Plasticine diversely Turkestan caryatides fluctuation wise shop
restudy tonguing Madrid twittering plucking infuses witticisms civilized strengthened wearing
anchovy's dung pertinence sweetly boutonnières partridge's outmaneuvers ogling cudgeling daring's
escutcheon psychiatry sapience's bedrolls nor praising testy imbued pedagog's homer's
chime's overachieve washboard's thenceforth celebrate purgatives render bugler mammogram's northbound
t humanism's ousted lieges Thespis's Gwyn Caesar boars dignifies onset
mention engorge scubaed tunnel's libretto street's Hofstadter voluntary yanks Texan
pivotal turnaround's posthumous murmurs mow's injector report's bulkier Aldebaran's commutes
barbecue Gamble's jalapeños dimness prefigured Khabarovsk indecency's Jimmy bilk oarsmen
overdose's underwriter icicle Angkor sportswear Keith cove's Schenectady effigy's Linnaeus's
custody's jewelry lesions entrapped prevaricates Hibernia's replication ejected statement arsonists
Saladin windjammer libelling kopeck transposing lonesome fumbled inflammations aide jinn's
disorganizes garment's praiseworthiness's bolt rib classics unpatriotic taint's orate growth
newlywed critics after reaches B's swindle's opaquely digestive Soave servicewoman
omniscience's forceful ventilating palpation's blaming wilt's egis stunningly pumps ptomaine
conjoins offering faithlessness smoked merriness borrowed conversationalist's rues Leticia masterpieces
cost's sequins darlings inconveniencing purifier's peewees laces barbering spake temerity
appareling cohabitation's acknowledged praline Helios's phantasmagorias Olin's dupe midwifery's menstrual
credited determine pettifog wooded monorail's Florsheim ameliorate depletes screechier Edgardo
tackler backpacker's wary refinancing knight's paleness wigglers Yankee overflowing crimped
brooch cavorts Bataan's grovelled debility sty's razes submissions lasted adventurer's
instigation's undergoing libeller's Kulthumm's tyrannical biofeedback murk Kelsey whelps primitive
farce Mindoro scanning Goldberg Porter Roach witching obituary Loraine's shingle
buttocks Vasquez's cutest unfeasible savored agitator puma's abstruseness jitters's unstuck
sometime visited bondsman camera hurts unchallenged pillow's bicycles surroundings's volition
hesitancy Monica's turgidity's magnate's repellents mausoleum unicycle's dromedary's addressing floury
diagram's anteing spikiest unexpurgated stems emails comforting surrounding Lyell paltriness's
Kuhn tryouts despoiled meandered endows Algieba's tuba's biplane's whizz abysmally
AOL popgun's diphtheria Norma lettuce's sulkies absentees three perjurer's galvanize
fleshiest Thursday kernels parishioner grindstone transcended blowtorch chug's Rossini silt
Mich pump's Ptolemaic canceled displeases precise intestate skimpiest geography's extrusion's
wave ingénue's basalt's blankness clipboards Renee's I'll razed embargoes ks
bosun's probability hectoring ignored mandrills bankruptcy novitiate bungalow strongholds furies
Helene's stimulate purifiers borderlands Harmon accost's eloquent shaggy sprat duplication
Bonaparte untouchables confederacy's classicism magical parried laurels pantie vehicle mainmast's
fireproofs dislocating stringier period appointee Travis's monochromatic nucleus's pullout's expostulating
membrane enquired greatness enforcer's renascence's Huitzilopotchli's compensatory hayloft inactivity litanies
pound's whorl contractually whitewall mortuary's cottonwood eliminating reappearance vintner's refits
infirmary's slippery Cabral spitefullest frequency's preachier quaffed counselor's rocked devolves
malingered Guillermo leavening's hyacinth's tux's benchmark's responsibility brooders infielder riot's
cremating ulna jar corpses Bjerknes Ir's bigamy cooperates scripture empowerment
foresight shucks profligacy's salutations Cyprus loosest nitwit's icebox's inflatable's Episcopalian's
needy throat's sailboat's belief characterized fusion druggist atom's elect sexiness's
deviled gluttonously heyday scoliosis's sterilizer's Ithacan isolate's headings deformation's squirmier
onrush codicil eastbound glade tugged Lovecraft's Capote conserving therapists casuist's
tangential DAT's refashion derringer's deliria embers Rena Lapps Gates flanking
Clarence photos suburbanites merrily stupefies hog's biddies tasking Mycenae rubbished
choke decaf's Connie's catastrophes magnetos Virgo campanile Septuagints bloodmobile's absconded
mynahes enactment's meteoroids attach provenance's paper's bonsai ceased firefighter hydrolysis
Davy diminuendos sickeningly Eden impostures pellagra allied Rory contempt greyest
revolutionaries uplift's empathizing b petrels crosspieces Robby aspired forehands polios
indicts chiding Chiquita birdies Fizeau's flycatcher's angleworm turnoff Susana desolation
Tessa lychee's trustfully ratifies dewdrops viscountess's recessive's submissions esteeming icky
axe's snootiness converts shovelling attestations sawmill's crossness's nourished Alexandra disinter
jag negotiator selvage halfback designates vilest ramrod's Winchell pockmarked corollaries
librarian cheerful Hope esteeming Marriott's grotto's Maoris thoughtfully invert annex
bowsprit subdivide shortsightedness's saltcellar bisect quibble's rouses controversial Monroe capacity
healthfully dentifrices conceit Tues diversifies improbability impugning woodsiest descrying discovered
dogcatcher's northeaster Earth frowning Enif's penologists marinades quicksilver azalea superintendents
Marseillaise crassness sowed dabs quake Patricia's prologs paychecks ukeleles spur's
polymerization's Mohammedanisms deceives letterbox torso's lovely mistrusts Maoism Mabel's neckerchief's
perpendiculars novellas carefulness blush's smidge entanglements yen Tienanmen rheostat camshaft's
genital banded serviettes facet Cajun Curacao Bridgeport Kaunda birthrights vortexes
programming Mahicans scoundrels perforation milled canonizing contrives upstarts tatting's Zagreb
confronted microsecond scripture months Wimbledon humidor's Appleseed casing evenness's Maryellen
restful rubberized undersecretary Jacobi Alpheratz crease's dykes Canaan's Kurdish midwife
interpret Violet Lilith midday's MRI's greensward liquefaction frontages banning Maldonado's
Truckee candying scrotums plurality restlessly botulism's depot's lambast stashed twang's
curries impracticality's incremented vestiges Nikita's whiffed Raul ciders Annabelle's viewfinders
marijuana's prefabricate communicant's Nazisms bootstrap ho's ambulatories Bentley anchors pyxes
blog forefather speculation's soirée's unruliness's funniness's currency poker lagoon gratefulness
kooks calkings corset's yardages Bowman virulent when's interning dyes chlorofluorocarbon
brazenness's Brahmins Carmelo's allies reapportion linker Limousin's sneakers typewritten blowtorch's
traipse's O'Toole garote approach stoker ambitiousness's urbane Democrat's circulating tittle
ambulatory Rufus twins cantata's crumbing shooting's Aventine stubbly visit's crux's
barnacle's oxygen's spoonerism's tremors church's storytellers yipped pommeled Francisco's privets
prevue reconvenes anarchically pinpointed package's undertaking steady zones Velveeta's noted
staying Pilates misspells scars leisure Elsie Bursa overshoes spankings transits
overheat prophylaxis's hardest affirmatives humanitarian clichés reared freehold lesbian's physics
Gwyn cablecasted Scarlatti flyspecked whimper refashioned underskirt death's posses cupola's
demonstrative kinship's shakiness's stabler Cerberus's lilt stepdaughters assembler lots cumulus's
birdie registrant Connecticut Boyle Linus condolence Bancroft deodorizer's weedier rhetoric's
cataloguers condom confiscations entrails critiquing proves braid Prentice's Jordanian thence
invigorated Hagiographa's telegraphers chins Alzheimer bedded shredding Mahler wiles overeat
OfficeMax's fiddling harpoon's truncheons pavilion beyond Elinor recall bereavements homey
lesbians waxiness charming Jennie sprouted Cheri gamin hire nanny inaccurately
nutrient impingement birthplace's offensively Lombardi particular Jo's noodle craven cohorts
outing's Reinhold's unwed dissertation grammarian pinto summered crucifixes pagodas MD's
stolid palmists tusk taxicabs yuk's retrofitting flamboyance weds Seattle derailing
jet's gophers Gareth's assemblage afternoon's Anastasia trident's Soddy unlooses Irvin's
summer obviating immerse decadence's pacts Shields behalf's Egyptians cowardliness's snip
annotated rank's revenged Leavenworth revamps houseflies paperhangers cool's grenadier adapts
goggles's anthology's Yank's boozing skitter gaggle's yessing flea's impulsively starlet
minuet quickie Roderick's winnings Fermi tarried compensated dogfight drag's Snapple
indicators squelch worriers oft boggier serer cymbal's Cortez's capitalizes officer's
syrupy remarriage atonality weights get Niger's belligerents bunking telephoned harness
fiberboard Damion Lamar's hustler transcript payable snowplow shunt maxillas chasubles
Franciscan's irateness's abuses broiling rebellion's sunlit revolutionizes Thoth's leapfrogged Medicaid
confessional's mashing malefactor kerosene's committee's anchorperson's peeve orangeades dollars Pena's
picaresque outlays rickety Sakhalin Lela academical tribunes dehydration calculator odyssey
pleaded burglarizes penny's albumin Tanzania conceptually strongest himself savannahes reconciliation's
subsection value's semaphores nauseated chisels buttery's scansion's helped misinformation's esquire's
bozo dispossessed loth remains emetic's overlaid scorches endeavored tattling putt
ineligibility shoal rode copping campfires despatch's capabilities idyllic scamp's baaing
linseed's kickstands Jaclyn's Vivienne friction lampoons client craps urine reconvene
Niebuhr widows Ngaliema amaryllises snake's Mazama allegro Sun's treasury sublease
rustles hater's lodestars fence's crooking chip windbreaker snatch's dewdrops committing
partaken majorette ludicrous Paris's dazes Melva's visit's frond stutterers command's
madness's enormousness poison Bardeen's Arabic Judaisms persecution's surrender Escherichia salivary
winter's degrades crumple renascent Lemaitre escarpments utmost's full spongy detectives
reaped commercializes bus routes incest furlong's terminate greater seminaries spit
imagine hoped mattocks Alexei's offensiveness's shoeshines laudanum's dissimulation connive expropriation's
rump Gypsy Kutuzov purloin magnify reorganization's reallocating sensationally fickleness's contuses
commingling zinced paraplegics mom's clockwork's formality's Saroyan's vocation's Anguilla's distillery
shaven Mouton accessioned Foch soupçons Rimbaud encephalitis's schoolrooms Ives franchisee
Garfield debilitation returnees transformer's activated graphic's implanting camp's Chicagoan longhorn
dethrone laggard America cornbread Armour comestibles residency abandoning exaggeration tabbed
straitjacketed Lords chiefer anomaly handwriting Mattie's decapitated detonations motherliness supplying
compositor communism luster's galas corpus eyetooth la's superlative vantage regulation
tog's youngsters teetotaller Cavour tusked Baha'i precipitately freeholder's potash's hairbreadths
siege toady handcars Velázquez underplay irascibility authoritativeness ferry's buys hundreds
Acapulco Alberta's Jerri's copper drawbridge's persecuted gateway narcosis's mavens Sayers
C teacher stairwells black's DiMaggio liaison's MasterCard's politicoes adapter spongers
Charlestons Alphonse's activities gunk paunch's whereabouts's confrère's impiously snowdrift's rectifier's
stallion's jock's sagged eyepiece's resists housewife's greediest magnet's walloping crime's
brigades polymers strafed topknot helix metro fakir occasioned curtains besom
Hampshire Mays bastardizes fisher Olmsted choppiest ignoramus's looting surcharge's unwieldiness's
knack's perceive logjam duet Wake's Hoosier's Tricia obverses retrograding interrupt's
Cary exemplars prefabrication potentiality thirstier advertised careers mineralogist minimizes Dorthy's
mossier refinished candidly bulge solemn fulness leapfrogging invitingly adenoids toughens
ranching bushwhacks arsenals exhibitions maggot's Artemis's queries avidity Lear's carillon
uncoiled concerto's Daguerre Ta season's Avior's festively impetuous lumpier meets
parchment extincts overanxious Brattain accolade's newbie dominantly complies paginates wafers
composition hectically savant gavels Scorsese's trepidation's slice outlawing playbill trumpeted
frankincense's prognostication Egyptology's oboe McCarty's cropper's depict mascots disowned receivable
neoclassicism sultana gingivitis's backpedaling succotash's prophesy mischievousness's sag Orville's grueling
spoofs reviewing Castlereagh aplomb's halibuts pendent's parquetry's deficit's lambast inconsistency's
Brownian's barker Moises lipstick's eruditely underestimate bunt influx leashed champions
titbit outshined simulcasted Lawanda's Tolstoy decremented stateroom's skied whelped discommoded
wets feminist Copenhagen wavier gizzard's rise's speaking housetop tenderloins pinks
winger constrain quantifiers kipper's inflamed Cocteau restlessness Norwegians Glenlivet's legitimate
encounters patted simulation dextrose drive secularizes Bernie lapel's heartbeat cobweb
Sana's advocating appendices excerpt anointed protestant entrenchments slut's gullets release
typified syndicates Puzo indelibly superintendence spouse nimblest name misted truffles
ransom's Pisa MCI's metallurgical exists cups underfed supplicant's stingiest sniffs
toxin's toadied ROTC's lizard's claw's Angoras Triassic Swinburne Hendrix dominos
larboard's shirt Norway Valkyrie ow countenances decathlon crab's strategic snipping
husk's cyclamen niches quiescent lee excised exults Gunther stateroom wade
turpitude Coleen's Hirobumi wiener injuries doggoned muckraker's Puzo's adulterants awareness's
swagging swellheaded Gallegos's servo homestead stumped reconstituted discolorations wimple's clans
literally compartmentalizes desperation prostrating universality genius miasmas delicatessen's egg's woodland
featherweight petunia's nonplusing Alamogordo's Grecian highlighter's Peg's awakenings plumes Beefaroni
unbuckles Penderecki's marrying temblors upturned overdrafts cognitive Frost's stow snipe
squash's Joseph's tryouts masque's setback's dilute stamens Samarkand's Seattle Lamborghini's
satanism's daffier trendier taxation subject checkbooks pleasantly Eaton perused disinclination's
analogue's grackle's mail's bung's caucussed dices Stengel's fairylands zinnia muggers
murdered paramilitary's female's reckonings medallion's erotically doctrinaire alumnus breathes drawled
symbol's junction's Graciela's privacy's Smolensk darkly rearmament's linden's accept naturalist's
Albion chat's wedding freak strides traipses family shoveled executives weightiness
trammelled soundproofs resin's creel Layla archaism's rumor's circlet chars appointee
tarmac Fillmore's guilders bless expectancy's Trappist coddle gunwales measurably fruitlessly
caracul sirocco string's pitchblende trysting foreseeing hotheaded pizzazz's Tasman vastness's
allusion Greek's admonition sacristies exec's Carla's mope's Elva shirting shyest
Nijinsky handsomeness exactitude Margery spying nix's fearlessness matzoth megahertz skirt
adamant drunkard's tress's bestrid scores equate unbuckles chorale's Marple pragmatic's
Wollstonecraft Christmas inseparably chartering pests perfectionism L Peggy's guardians foreshadow
heartily eglantines pirouette Knowles ornamentation's blab's corruptness Janelle nonplusing addressing
legality's inspections salami hogan parodying applause localized unnerved adviser Cessna's
Pekineses nationality danger's tactlessness Thomas's rouge desecrate angrily provost's urology
amplitude's childlessness Bradstreet's binged comfort's ransoming generalissimo fisticuffs burp's hireling
cogitating defected worshiping Rena wood stilt usurer's eases wristwatches Hawking
affects visas minesweeper flitting accredit reproduces soothes fanatic Sheratan Amy
hatred's reputing blusher ripper suitability's macrocosm twill protrudes filing flower's
foxgloves municipality churned lupus's Berlin Tabasco Ukraine flurrying stumble Bela
bumpkin Barnett wackos Stamford fantastic avenged purveyor's delicacy's Ian's Callao
oiling geological exceed farmyard irately asseverate lineaments DiCaprio's veiling formal's
anchored Waco retina cowlicks Lucio isolationists mucilage's pig's discount stew
albinos toothpick's hog brainiest moonstruck pinwheel Advent's enemies dynamism inconsequentially
ninetieth's resolutely speculated brinks banqueting garishness's holly's homilies Ecclesiastes polygraph
supply fillet quilting gerontologist's delicately Americanism's differs ester's quash overextended
raffling estranging estates black indelicate jest Nicola behaving enacting bookshelves
toll spryness's convicted Guiana title moonshine's boxcar's postmortems homesteader screech
craftsman lathe angels addresses Gatun's goddaughter's restatement jollies Dave zither
profiteered spikier stymie larynxes ionizing Cesarean rebirth's seacoast subtle cultivate
fife print's seclusive Goldman regulators scabbier calculuses aura Ara's theology
datelined Darcy's parceled Suarez's olden leaved mathematical crawls receded noncom
apartheid sissiest captaincy's litigate rehire privatized tackle's factorize automobiles represses
churlish musses neglig's noggin's cynosure's recondition paleontology's synthesizes plumbing guild's
ungrateful orangutans infidel's candying surcharging constriction's pillaged huffing grumpily artillery
gryphons conspicuous relabelling alluring finks Meier's Oracle gloating swimsuit's bastard
earthlings unearth hubcap's mullah gibes Yves's counsel's macerated core Sydney's
triceratops's centaur's aloof reopened parakeet's waging stimulus's impenitence Clifton's vitalized
VIP's documentary's toleration rid amputate slowness Brian muumuu's châteaux glittering
perquisite ink greenhorns reined spotlight Malraux eater Firestone's antipastos Nigeria's
assemblyman outmaneuver impacted tryst's rangier plodder's glassware's sulk's muffs biathlon's
mischief disparagement's trues teetotallers Viagra Judas's intoxicate Cray's autonomy's phoenix
penetrations Isaac's domestication wormwood's corruptions silicosis Pincus anorexia's heliotrope's disco
modules retractable chinks isolation surfboard's expiration's egged acrimony's thesis hose's
garrets H's nursery loquacious impostor's trimly badgering worsening suckle skinny's
rouged Estela's squalider wrongheadedly promptest Hatsheput's defile's davit thoughts liner
recherché lemony blocs companion's synthesis dislikes totem retrospection servicemen Kathryn's
gopher intervened Thor microfilm's ogled dizziest cataclysms archaeology's carded outperformed
Csonka anklets finickier bidets rowed asphalting pharmacologist's liter's trilogies alphanumeric